// Jest Snapshot v1, https://goo.gl/fbAQLP

exports[`snapshot test 1`] = `
<DocumentFragment>
  <div>
    <div
      class="css-1a5o32j-display"
    >
      0  0
    </div>
    <div
      class="css-14cdcmy-flex"
    >
      <div
        class="css-183dgzn-grid"
      >
        <button
          class="css-qmwc4l-button"
        >
          1
        </button>
        <button
          class="css-qmwc4l-button"
        >
          2
        </button>
        <button
          class="css-qmwc4l-button"
        >
          3
        </button>
        <button
          class="css-qmwc4l-button"
        >
          4
        </button>
        <button
          class="css-qmwc4l-button"
        >
          5
        </button>
        <button
          class="css-qmwc4l-button"
        >
          6
        </button>
        <button
          class="css-qmwc4l-button"
        >
          7
        </button>
        <button
          class="css-qmwc4l-button"
        >
          8
        </button>
        <button
          class="css-qmwc4l-button"
        >
          9
        </button>
        <button
          class="css-qmwc4l-button"
        >
          C
        </button>
        <button
          class="css-qmwc4l-button"
        >
          0
        </button>
        <button
          class="css-qmwc4l-button"
        >
          =
        </button>
      </div>
      <div
        class="css-1yi6v5b-column"
      >
        <button
          class="css-qmwc4l-button"
        >
          +
        </button>
        <button
          class="css-qmwc4l-button"
        >
          -
        </button>
        <button
          class="css-qmwc4l-button"
        >
          *
        </button>
        <button
          class="css-qmwc4l-button"
        >
          /
        </button>
      </div>
    </div>
  </div>
</DocumentFragment>
`;
